src/app/components/acciones/auditoria/RegistroAuditoria.tsx(3,5): error TS6133: 'Users' is declared but its value is never read.
src/app/components/acciones/casos-uso/components/StepItem.tsx(2,23): error TS6133: 'StepType' is declared but its value is never read.
src/app/components/acciones/casos-uso/components/UseCaseDetail.tsx(467,67): error TS6133: 'index' is declared but its value is never read.
src/app/components/acciones/casos-uso/components/UseCaseList.tsx(12,41): error TS6133: 'selectedUseCaseId' is declared but its value is never read.
src/app/components/acciones/configuracion/PanelConfiguracion.tsx(11,3): error TS6133: 'Edit2' is declared but its value is never read.
src/app/components/acciones/configuracion/PanelConfiguracion.tsx(12,3): error TS6133: 'Check' is declared but its value is never read.
src/app/components/acciones/configuracion/PanelConfiguracion.tsx(13,3): error TS6133: 'X' is declared but its value is never read.
src/app/components/acciones/configuracion/PanelConfiguracion.tsx(16,3): error TS6133: 'Key' is declared but its value is never read.
src/app/components/acciones/diagramas/EditorDiagramaFlujo.tsx(13,3): error TS6133: 'Trash2' is declared but its value is never read.
src/app/components/acciones/diagramas/EditorDiagramaFlujo.tsx(14,3): error TS6133: 'Copy' is declared but its value is never read.
src/app/components/acciones/diagramas/EditorDiagramaFlujo.tsx(15,3): error TS6133: 'Edit3' is declared but its value is never read.
src/app/components/acciones/diagramas/EditorDiagramaFlujo.tsx(75,10): error TS6133: 'isDragging' is declared but its value is never read.
src/app/components/acciones/diagramas/EditorDiagramaFlujo.tsx(75,22): error TS6133: 'setIsDragging' is declared but its value is never read.
src/app/components/acciones/diagramas/EditorDiagramaFlujo.tsx(76,10): error TS6133: 'draggedNode' is declared but its value is never read.
src/app/components/acciones/diagramas/EditorDiagramaFlujo.tsx(76,23): error TS6133: 'setDraggedNode' is declared but its value is never read.
src/app/components/acciones/diagramas/FlowPropertyPanel.tsx(1,8): error TS6133: 'React' is declared but its value is never read.
src/app/components/acciones/generacion/GeneradorCodigo.tsx(14,3): error TS6133: 'FolderTree' is declared but its value is never read.
src/app/components/acciones/generacion/GeneradorCodigo.tsx(16,3): error TS6133: 'Save' is declared but its value is never read.
src/app/components/acciones/generacion/GeneradorCodigo.tsx(17,3): error TS6133: 'RotateCcw' is declared but its value is never read.
src/app/components/acciones/generacion/GeneradorCodigo.tsx(19,3): error TS6133: 'X' is declared but its value is never read.
src/app/components/acciones/generacion/GeneradorCodigo.tsx(46,67): error TS6133: 'relationships' is declared but its value is never read.
src/app/components/acciones/generacion/GeneradorCodigo.tsx(163,9): error TS6133: 'handleCancel' is declared but its value is never read.
src/app/components/acciones/generacion/GeneradorCodigo.tsx(664,25): error TS6133: 'isPending' is declared but its value is never read.
src/app/components/acciones/generacion/GeneradorCodigo.tsx(803,9): error TS6133: 'className' is declared but its value is never read.
src/app/components/acciones/modelado/ModeladorDatos.tsx(10,3): error TS6133: 'ArrowRightFromLine' is declared but its value is never read.
src/app/components/acciones/modelado/ModeladorDatos.tsx(13,3): error TS6133: 'Download' is declared but its value is never read.
src/app/components/acciones/modelado/ModeladorDatos.tsx(14,3): error TS6133: 'Upload' is declared but its value is never read.
src/app/components/acciones/modelado/ModeladorDatos.tsx(15,3): error TS6133: 'Layers' is declared but its value is never read.
src/app/components/acciones/modelado/ModeladorDatos.tsx(16,3): error TS6133: 'Eye' is declared but its value is never read.
src/app/components/acciones/modelado/ModeladorDatos.tsx(57,10): error TS6133: 'draggedTable' is declared but its value is never read.
src/app/components/acciones/modelado/ModeladorDatos.tsx(57,24): error TS6133: 'setDraggedTable' is declared but its value is never read.
src/app/components/acciones/requisitos/EditorRequisitos.tsx(4,3): error TS6133: 'Filter' is declared but its value is never read.
src/app/components/acciones/requisitos/EditorRequisitos.tsx(12,3): error TS6133: 'ChevronDown' is declared but its value is never read.
src/app/components/dashboard/DetalleProyecto.tsx(23,19): error TS6133: 'Catalogs' is declared but its value is never read.
src/app/components/dashboard/DetalleProyecto.tsx(23,29): error TS6133: 'CatalogItem' is declared but its value is never read.
src/app/components/dashboard/EstadosVacios.tsx(9,3): error TS6133: 'Target' is declared but its value is never read.
src/app/components/dashboard/EstadosVacios.tsx(10,3): error TS6133: 'Zap' is declared but its value is never read.
src/app/components/dashboard/EstadosVacios.tsx(88,9): error TS6133: 'Icon' is declared but its value is never read.
src/app/components/dashboard/TarjetaProyecto.tsx(4,11): error TS6196: 'Project' is declared but never used.
src/app/components/layout/sidebar/BarraLateral.tsx(6,3): error TS6133: 'Shield' is declared but its value is never read.
src/app/components/TourGuia.tsx(84,9): error TS6133: 'Icon' is declared but its value is never read.
src/components/landing/Hero.tsx(64,51): error TS2353: Object literal may only specify known properties, and 'RotateX' does not exist in type 'TargetAndTransition | string[]'.
src/components/landing/MiniDemo.tsx(59,13): error TS2322: Type 'ConnectDragSource' is not assignable to type 'Ref<HTMLDivElement> | undefined'.
  Type 'ConnectDragSource' is not assignable to type '(instance: HTMLDivElement | null) => void | (() => VoidOrUndefinedOnly)'.
    Type 'ReactElement<unknown, string | JSXElementConstructor<any>> | null' is not assignable to type 'void | (() => VoidOrUndefinedOnly)'.
      Type 'null' is not assignable to type 'void | (() => VoidOrUndefinedOnly)'.
src/components/landing/MiniDemo.tsx(97,13): error TS2322: Type 'ConnectDropTarget' is not assignable to type 'Ref<HTMLDivElement> | undefined'.
  Type 'ConnectDropTarget' is not assignable to type '(instance: HTMLDivElement | null) => void | (() => VoidOrUndefinedOnly)'.
    Type 'ReactElement<unknown, string | JSXElementConstructor<any>> | null' is not assignable to type 'void | (() => VoidOrUndefinedOnly)'.
      Type 'null' is not assignable to type 'void | (() => VoidOrUndefinedOnly)'.
src/components/ui/Button.tsx(5,1): error TS6133: 'motion' is declared but its value is never read.
src/core/compiler/codegen/generator.ts(1,21): error TS6133: 'IRBlock' is declared but its value is never read.
src/core/compiler/codegen/generator.ts(1,30): error TS6133: 'IRInstruction' is declared but its value is never read.
src/core/compiler/ir/builder.ts(6,13): error TS6133: 'currentBlock' is declared but its value is never read.
src/core/compiler/ir/generator.ts(1,48): error TS2305: Module '"../types"' has no exported member 'IRProgram'.
src/core/compiler/ir/generator.ts(1,59): error TS2305: Module '"../types"' has no exported member 'IRBlock'.
src/core/compiler/ir/generator.ts(1,68): error TS2305: Module '"../types"' has no exported member 'IRInstruction'.
src/core/compiler/ir/generator.ts(1,68): error TS6133: 'IRInstruction' is declared but its value is never read.
src/core/compiler/lexer/lexer.ts(9,35): error TS6133: 'edges' is declared but its value is never read.
src/core/compiler/optimizer/optimizer.ts(1,10): error TS2305: Module '"../types"' has no exported member 'IRProgram'.
src/core/compiler/optimizer/optimizer.ts(10,27): error TS7006: Parameter 'block' implicitly has an 'any' type.
src/core/compiler/optimizer/optimizer.ts(11,60): error TS7006: Parameter 'inst' implicitly has an 'any' type.
src/core/compiler/pipeline.ts(13,13): error TS6133: 'optimizer' is declared but its value is never read.
src/core/compiler/semantics/analyzer.ts(5,13): error TS6133: 'dataModel' is declared but its value is never read.
src/core/database/migration-service.ts(11,30): error TS6133: 'currentSchema' is declared but its value is never read.
src/core/database/migration-service.ts(11,53): error TS6133: 'nextSchema' is declared but its value is never read.
src/core/database/migration-service.ts(34,38): error TS6133: 'currentSchema' is declared but its value is never read.
src/core/database/migration-service.ts(34,61): error TS6133: 'nextSchema' is declared but its value is never read.
src/core/database/model-diff.ts(1,17): error TS6133: 'Column' is declared but its value is never read.
src/core/database/prisma-generator.ts(59,40): error TS6133: 'table' is declared but its value is never read.
src/core/generation/usecase-transpiler.ts(129,40): error TS6133: 'prevVar' is declared but its value is never read.
